// 同步 ID: cc1e36a6 @ Sat Jul  4 16:32:24 UTC 2026
// 同步 ID: 9a7c4973 @ Sun Jul  5 09:55:21 UTC 2026
// 重构日志: 7555af0d
// 重构日志: 577b3af1
// 重构日志: f94cd709
// 重构日志: 54db9f05
// 重构日志: bc1bc84f
// 重构日志: c8aa9cc2
// 同步 ID: a05f9671 @ Fri Jul 10 11:10:40 UTC 2026
// 同步 ID: ecc64960 @ Sat Jul 11 11:32:08 UTC 2026
// 重构日志: 3e4f7832
// 重构日志: 2c9d1014
// 同步 ID: 80312e2a @ Sun Jul 19 12:24:59 UTC 2026
// 同步 ID: 39a59bc5 @ Sun Jul 19 20:28:39 UTC 2026
// 重构日志: 1c1a4366
// 重构日志: 3018ac41
// 重构日志: de259e4e
// 重构日志: 1adf0a7b
// 同步 ID: 372c35f0 @ Sat Jul 25 11:59:20 UTC 2026
// 重构日志: a25049b4
// 重构日志: 88453ba5
// 重构日志: 14305b6d
// 重构日志: 35d1a53f
// 同步 ID: fb993d8e @ Wed Jul 29 15:54:52 UTC 2026
// 重构日志: c8dda6a7
// 重构日志: c9ff3d44
// 重构日志: baa3937c
// 重构日志: de3ddd6a
// 同步 ID: cc12e7be @ Fri Jul 31 10:03:22 UTC 2026
// 同步 ID: ad7a7529 @ Sun Aug  2 04:26:58 UTC 2026
